The following package(s) are missing their DESCRIPTION files:
- desktop.ini [G:/My Drive/Alvacast/SISTRAT 2023/renv/library/windows/R-4.4/x86_64-w64-mingw32/desktop.ini]
These may be left over from a prior, failed installation attempt.
Consider removing or reinstalling these packages.

Loading data/20241015_out/pred22_ndp_2026_05_28.Rdata ...
Loaded in 1.2 min. 383 objects.

=== OBJECT NAMES ===
  [1] "%||%"                                           
  [2] "add_boot_linear_terms"                          
  [3] "add_nonlinear_transf"                           
  [4] "add_nonlinear_transf2"                          
  [5] "aic_cat"                                        
  [6] "aic_cat_val"                                    
  [7] "aic_cont"                                       
  [8] "aic_cont_val"                                   
  [9] "aicc_death"                                     
 [10] "aicc_death_shap"                                
 [11] "aicc_death_shap_int"                            
 [12] "aicc_death_upd"                                 
 [13] "aicc_death_upd2"                                
 [14] "aicc_readmit"                                   
 [15] "aicc_readmit_shap"                              
 [16] "aicc_readmit_shap_int"                          
 [17] "aicc_readmit_upd"                               
 [18] "aicc_readmit_upd2"                              
 [19] "AJ_at"                                          
 [20] "all_required_cols"                              
 [21] "api_key"                                        
 [22] "apply_ordered_mappings"                         
 [23] "base_death"                                     
 [24] "base_readmit"                                   
 [25] "cal_death"                                      
 [26] "cal_death_full_ici"                             
 [27] "cal_death_shap"                                 
 [28] "cal_death_shap_int"                             
 [29] "cal_death2"                                     
 [30] "cal_death3"                                     
 [31] "cal_readmit"                                    
 [32] "cal_readmit_full_aj_rcv"                        
 [33] "cal_readmit_shap"                               
 [34] "cal_readmit_shap_int"                           
 [35] "cal_readmit_shap2"                              
 [36] "cal_readmit2"                                   
 [37] "cal_readmit3"                                   
 [38] "calibrate_cph_grouped"                          
 [39] "calibrate_cscox_aj_grouped"                     
 [40] "calibrate_cscox_aj_grouped_corr"                
 [41] "calibrate_death_km_grouped"                     
 [42] "cat_vars"                                       
 [43] "categorical_vars"                               
 [44] "categorical_vars2"                              
 [45] "char_variables"                                 
 [46] "char_variables_present"                         
 [47] "check_docker_running"                           
 [48] "check_quarto_version"                           
 [49] "ci_first"                                       
 [50] "ci2"                                            
 [51] "cif_d_after"                                    
 [52] "cif_d_before"                                   
 [53] "cindex_data"                                    
 [54] "classify_dx_vec"                                
 [55] "col_name"                                       
 [56] "collapse_first_sub_used_other"                  
 [57] "cols_to_exclude"                                
 [58] "combined_plots"                                 
 [59] "compare_mi_models_d1"                           
 [60] "compute_mi_aicc"                                
 [61] "coress"                                         
 [62] "corrected_datasets_nondum_filt"                 
 [63] "cox_columns"                                    
 [64] "cox_death"                                      
 [65] "cox_death2"                                     
 [66] "cox_discriminative_interactions"                
 [67] "cox_readmit"                                    
 [68] "cox_readmit2"                                   
 [69] "cox_shap_death_interact"                        
 [70] "cph_evaluate_boot_oob_mi_corrected"             
 [71] "cpus"                                           
 [72] "cramers_v"                                      
 [73] "data_out"                                       
 [74] "death_ordinal_results"                          
 [75] "death_ordinal_summary_df"                       
 [76] "decrypt_chr"                                    
 [77] "decrypt_column"                                 
 [78] "df_pred"                                        
 [79] "df_surv"                                        
 [80] "dit90"                                          
 [81] "dt"                                             
 [82] "dt_numeric"                                     
 [83] "dummified_lvls_vars"                            
 [84] "dummy_formula"                                  
 [85] "DUMMY_REFERENCE"                                
 [86] "encrypt_chr"                                    
 [87] "encrypt_column"                                 
 [88] "envpath"                                        
 [89] "escape_regex"                                   
 [90] "eta_num_cat"                                    
 [91] "evaluate_dual_cox_python_style"                 
 [92] "evaluate_mi_cv_safe_strata"                     
 [93] "existing_lines"                                 
 [94] "expected_n_train"                               
 [95] "extra_cat"                                      
 [96] "extra_num"                                      
 [97] "f_readmit_cont"                                 
 [98] "factor_vars"                                    
 [99] "figs_out"                                       
[100] "find_latest_file"                               
[101] "find_python_rel"                                
[102] "fit"                                            
[103] "fit_stratified_death"                           
[104] "fit_stratified_readmit"                         
[105] "fname"                                          
[106] "form_death_xgb_dit_hinge9"                      
[107] "form_death_xgb_ed_attainment_high"              
[108] "form_death_xgb_eva_consumo_any"                 
[109] "form_death_xgb_eva_fisica_any"                  
[110] "form_death_xgb_eva_sm_any"                      
[111] "form_death_xgb_pobr_hinge022"                   
[112] "form_death_xgb_prim_sub_freq_high"              
[113] "form_death_xgb_tenure_hinge1"                   
[114] "form_readmit_xgb_age_ns3"                       
[115] "form_readmit_xgb_dit_hinge5"                    
[116] "form_readmit_xgb_dit_log_sens"                  
[117] "form_readmit_xgb_dit_ns3"                       
[118] "form_readmit_xgb_dit_quad_sens"                 
[119] "form_readmit_xgb_eva_consumo_any"               
[120] "form_readmit_xgb_eva_sm_any"                    
[121] "form_readmit_xgb_linear"                        
[122] "form_readmit_xgb_pobr_ns3"                      
[123] "form_readmit_xgb_porc_pobr_hinge015"            
[124] "format_cells"                                   
[125] "formula_death"                                  
[126] "formula_death_updated"                          
[127] "formula_death_updated2"                         
[128] "formula_readmit"                                
[129] "formula_readmit_updated"                        
[130] "formula_readmit_updated2"                       
[131] "formula_shap_death"                             
[132] "formula_shap_death_interact"                    
[133] "formula_shap_readmit"                           
[134] "formula_shap_readmit_clean"                     
[135] "formula_shap_readmit_clean_updated"             
[136] "formula_shap_readmit_interact"                  
[137] "fstatus_first"                                  
[138] "ftime_first"                                    
[139] "get_all_oobs"                                   
[140] "get_cif_by_code"                                
[141] "get_family"                                     
[142] "get_mode_numeric"                               
[143] "global_core"                                    
[144] "global_xgb_func_form"                           
[145] "gr"                                             
[146] "heavy_to_remove"                                
[147] "high_uncertainty_imps"                          
[148] "hits"                                           
[149] "horiz"                                          
[150] "i"                                              
[151] "ibs_data"                                       
[152] "ibs_ipcw_train"                                 
[153] "icd10_broad"                                    
[154] "id_centro_vec"                                  
[155] "idx"                                            
[156] "in_py_not_r"                                    
[157] "in_r_not_py"                                    
[158] "infectious_set"                                 
[159] "injury_set"                                     
[160] "install_docker"                                 
[161] "is_cat"                                         
[162] "is_num"                                         
[163] "is_stata_ok"                                    
[164] "key_exists"                                     
[165] "keys"                                           
[166] "km"                                             
[167] "km_df"                                          
[168] "lab_after"                                      
[169] "lab_discard_first"                              
[170] "lab_discard_single"                             
[171] "lab_excl_final"                                 
[172] "lab_final"                                      
[173] "lab_first_index"                                
[174] "lab_flag"                                       
[175] "lab_orig"                                       
[176] "lab_orig_clean"                                 
[177] "lab_post_orig"                                  
[178] "lab_post_orig_clean"                            
[179] "lab_proc"                                       
[180] "labels_map"                                     
[181] "labels_vec"                                     
[182] "leak_time_cols"                                 
[183] "load_custom_renv"                               
[184] "loaded_objects"                                 
[185] "m"                                              
[186] "m3"                                             
[187] "m3_cases"                                       
[188] "m3_cases_red"                                   
[189] "m3_runs"                                        
[190] "m3_runs_red"                                    
[191] "m4"                                             
[192] "m4_cases"                                       
[193] "m4_cases_red"                                   
[194] "m4_runs"                                        
[195] "m4_runs_red"                                    
[196] "make_3level_score"                              
[197] "make_dummies"                                   
[198] "meta_cols"                                      
[199] "mis_colores"                                    
[200] "missing_pct"                                    
[201] "mixed_assoc"                                    
[202] "mode_pick_int"                                  
[203] "most_frequent"                                  
[204] "n_before"                                       
[205] "n_drop_predeath"                                
[206] "n_patients_meet"                                
[207] "n0_cases"                                       
[208] "n0_runs"                                        
[209] "n1b_cases"                                      
[210] "n1b_patients"                                   
[211] "nm"                                             
[212] "normalize_txt"                                  
[213] "num_vars"                                       
[214] "numerical_vars"                                 
[215] "numerical_vars2"                                
[216] "nzv"                                            
[217] "obj"                                            
[218] "obj_name"                                       
[219] "observed_foreign_n"                             
[220] "ord"                                            
[221] "ordinal_summary_df"                             
[222] "organ_set"                                      
[223] "other_spec_set"                                 
[224] "out"                                            
[225] "output_dir"                                     
[226] "p"                                              
[227] "p_death_eng"                                    
[228] "p_esp_death"                                    
[229] "p_esp_readm"                                    
[230] "p_faceted"                                      
[231] "p_faceted_upd_int"                              
[232] "pair_str"                                       
[233] "pairs"                                          
[234] "pairs_gt_02"                                    
[235] "paks"                                           
[236] "pat"                                            
[237] "path"                                           
[238] "ph_test_death"                                  
[239] "ph_test_readmit"                                
[240] "plot.cph_grouped_calibration"                   
[241] "plot.cscox_aj_grouped_calibration"              
[242] "plot.cscox_aj_grouped_calibration_corr"         
[243] "plot_cloglog_comb"                              
[244] "plot_schoenfeld_residuals"                      
[245] "predictor_available"                            
[246] "predictor_formula"                              
[247] "predictor_tiers"                                
[248] "predictors"                                     
[249] "preprocess_features_robust"                     
[250] "print.cph_grouped_calibration"                  
[251] "print.cscox_aj_grouped_calibration"             
[252] "print.cscox_aj_grouped_calibration_corr"        
[253] "print.pooled_cv_results"                        
[254] "print_pooled_results"                           
[255] "project_root"                                   
[256] "prs"                                            
[257] "py"                                             
[258] "py_corrected_datasets"                          
[259] "py_corrected_datasets_boot"                     
[260] "py_split"                                       
[261] "python_columns"                                 
[262] "r_data"                                         
[263] "rdata_path"                                     
[264] "renv_activate"                                  
[265] "renviron_path"                                  
[266] "replace_cat_with_continuous"                    
[267] "replicates_n"                                   
[268] "res"                                            
[269] "result_df"                                      
[270] "results_death"                                  
[271] "results_death_ibs"                              
[272] "results_death_int_shap"                         
[273] "results_death_shap"                             
[274] "results_death_shap_ibs"                         
[275] "results_death_shap_int_ibs"                     
[276] "results_death2"                                 
[277] "results_death2_ibs"                             
[278] "results_death3"                                 
[279] "results_death3_ibs"                             
[280] "results_list"                                   
[281] "results_py"                                     
[282] "results_readmit"                                
[283] "results_readmit_ibs"                            
[284] "results_readmit_int_shap"                       
[285] "results_readmit_shap"                           
[286] "results_readmit_shap_ibs"                       
[287] "results_readmit_shap_int_ibs"                   
[288] "results_readmit_shap2"                          
[289] "results_readmit2"                               
[290] "results_readmit2_ibs"                           
[291] "results_readmit3"                               
[292] "results_readmit3_ibs"                           
[293] "results_shap_add_strata_xgb_py"                 
[294] "results_shap_py_int_death_dit_hinge_9"          
[295] "results_shap_py_int_death_ed_attainment_primary"
[296] "results_shap_py_int_death_eva_consumo_any"      
[297] "results_shap_py_int_death_eva_fisica_any"       
[298] "results_shap_py_int_death_eva_sm_any"           
[299] "results_shap_py_int_death_pobr_hinge022"        
[300] "results_shap_py_int_death_prim_sub_freq_daily"  
[301] "results_shap_py_int_death_tenure_hinge1"        
[302] "results_shap_py_int_readm_age_ns3"              
[303] "results_shap_py_int_readm_dit_hinge5"           
[304] "results_shap_py_int_readm_dit_log"              
[305] "results_shap_py_int_readm_dit_ns3"              
[306] "results_shap_py_int_readm_dit_quad"             
[307] "results_shap_py_int_readm_eva_consumo_any"      
[308] "results_shap_py_int_readm_eva_sm_any"           
[309] "results_shap_py_int_readm_pobr_hinge015"        
[310] "results_shap_py_int_readm_pobr_ns3"             
[311] "results_shap_xgb_py"                            
[312] "results_shap_xgb_py_upd_int"                    
[313] "results_shap_xgb_py_upd_post_int"               
[314] "results_upd_py"                                 
[315] "results_upd2_py"                                
[316] "rhs_vars"                                       
[317] "risk_at"                                        
[318] "rn"                                             
[319] "root"                                           
[320] "safe_min_date"                                  
[321] "safe_min_where_date"                            
[322] "safe_min_where_int"                             
[323] "sample_n_with_seed"                             
[324] "score_map"                                      
[325] "secret_file_path"                               
[326] "sesion_info"                                    
[327] "set_reference_levels"                           
[328] "set1_colors"                                    
[329] "sf_c1"                                          
[330] "sf_c2"                                          
[331] "sf_km"                                          
[332] "shap_curve_norm"                                
[333] "shap_norm"                                      
[334] "split2125"                                      
[335] "ss"                                             
[336] "stable_core"                                    
[337] "subkey_to_label"                                
[338] "sum_dates"                                      
[339] "sum_dates_polars"                               
[340] "supergroups_levels"                             
[341] "t_end"                                          
[342] "t_grid"                                         
[343] "tabla"                                          
[344] "table_one_clean"                                
[345] "table_one_clean_print"                          
[346] "target_cols"                                    
[347] "taus"                                           
[348] "test_ordinal_transformations_death"             
[349] "threshold_mb"                                   
[350] "tidy_cph"                                       
[351] "time"                                           
[352] "time_before_dedup2"                             
[353] "time_breaks"                                    
[354] "time_cut"                                       
[355] "time_dep_u"                                     
[356] "time_event_vars"                                
[357] "time_labels"                                    
[358] "time_metrics"                                   
[359] "tnr"                                            
[360] "to01"                                           
[361] "toString2"                                      
[362] "tot_variables"                                  
[363] "tot_variables_present"                          
[364] "total_cpus"                                     
[365] "total_table"                                    
[366] "tp_first"                                       
[367] "var1"                                           
[368] "var1_table"                                     
[369] "var2"                                           
[370] "var2_table"                                     
[371] "vars"                                           
[372] "vars_check"                                     
[373] "vars_shap_d"                                    
[374] "vars_shap_r"                                    
[375] "view_pooled_results"                            
[376] "violations"                                     
[377] "violations_readm"                               
[378] "wdpath"                                         
[379] "y"                                              
[380] "z2"                                             
[381] "zph"                                            
[382] "zph_death_interact_table"                       
[383] "zph_shap_death_interact"                        

=== SPLIT-LIKE OBJECTS ===
[1] "py_split"  "split2125"

=== FORMULAS PRESENT ===
  formula_shap_readmit_clean_updated: TRUE
  formula_death_updated2: TRUE
  formula_shap_death: TRUE
  formula_readmit_updated2: TRUE

py_corrected_datasets: list len=5, nrow[[1]]=70521, ncol[[1]]=75

py_corrected_datasets_boot: list len=5, nrow[[1]]=70521, ncol[[1]]=86

--- py_split --- class=tbl,data.frame
dim: 88152 x 5 
names: row_id, is_train, death_time_from_disch_m, adm_age_rec3, signature 

FALSE  TRUE 
17631 70521 

--- split2125 --- class=tbl,data.frame
dim: 88152 x 4 
names: row_id, is_train, death_time_from_disch_m, adm_age_rec3 

FALSE  TRUE 
17631 70521 
